Change Component Footprint: Designator=C8 Old Footprint=CA-ALU-5 New Footprint=CAP-ALU-SMD-5.5x5.5
Change Component Footprint: Designator=C9 Old Footprint=CA-ALU-5 New Footprint=CAP-ALU-SMD-5.5x5.5
Change Component Footprint: Designator=C10 Old Footprint=CA-ALU-5 New Footprint=CAP-ALU-SMD-5.5x5.5
Change Component Comment : Designator=C8 Old Comment=d5 New Comment=CN-ALU-SMD
Change Component Comment : Designator=C9 Old Comment=d5 New Comment=CN-ALU-SMD
Change Component Comment : Designator=C10 Old Comment=d5 New Comment=CN-ALU-SMD
Change component parameters: Designator = "C8" ("C8"); Footprint = "CA-ALU-5"; UniqueID = "\OWRSDVVS" ("\OWRSDVVS")
Change component parameters (AddParameter): Name = "LatestRevisionDate"; Value = "17-Jul-2002"; VariantName = "[No Variations]"
Change component parameters (AddParameter): Name = "LatestRevisionNote"; Value = "Re-released for DXP Platform."; VariantName = "[No Variations]"
Change component parameters (AddParameter): Name = "PackageReference"; Value = "POLAR0.8"; VariantName = "[No Variations]"
Change component parameters (AddParameter): Name = "Published"; Value = "8-Jun-2000"; VariantName = "[No Variations]"
Change component parameters (AddParameter): Name = "Publisher"; Value = "Altium Limited"; VariantName = "[No Variations]"
Change component parameters: Designator = "C9" ("C9"); Footprint = "CA-ALU-5"; UniqueID = "\UFPOJKXE" ("\UFPOJKXE")
Change component parameters (AddParameter): Name = "LatestRevisionDate"; Value = "17-Jul-2002"; VariantName = "[No Variations]"
Change component parameters (AddParameter): Name = "LatestRevisionNote"; Value = "Re-released for DXP Platform."; VariantName = "[No Variations]"
Change component parameters (AddParameter): Name = "PackageReference"; Value = "POLAR0.8"; VariantName = "[No Variations]"
Change component parameters (AddParameter): Name = "Published"; Value = "8-Jun-2000"; VariantName = "[No Variations]"
Change component parameters (AddParameter): Name = "Publisher"; Value = "Altium Limited"; VariantName = "[No Variations]"
Change component parameters: Designator = "C10" ("C10"); Footprint = "CA-ALU-5"; UniqueID = "\HNNCAKXP" ("\HNNCAKXP")
Change component parameters (AddParameter): Name = "LatestRevisionDate"; Value = "17-Jul-2002"; VariantName = "[No Variations]"
Change component parameters (AddParameter): Name = "LatestRevisionNote"; Value = "Re-released for DXP Platform."; VariantName = "[No Variations]"
Change component parameters (AddParameter): Name = "PackageReference"; Value = "POLAR0.8"; VariantName = "[No Variations]"
Change component parameters (AddParameter): Name = "Published"; Value = "8-Jun-2000"; VariantName = "[No Variations]"
Change component parameters (AddParameter): Name = "Publisher"; Value = "Altium Limited"; VariantName = "[No Variations]"
Added Component: Designator=PUZ1(RES-SMD-0805)
Add component (AddParameter): Name = "Class"; Value = "Passive"; VariantName = "[No Variations]"
Add component (AddParameter): Name = "Manufacturer"; Value = "Generic Components"; VariantName = "[No Variations]"
Add component (AddParameter): Name = "Published"; Value = "08/06/2000"; VariantName = "[No Variations]"
Add component (AddParameter): Name = "Publisher"; Value = "Altium Hobart Technology Centre"; VariantName = "[No Variations]"
Added Component: Designator=PUZ2(RES-SMD-0805)
Add component (AddParameter): Name = "Class"; Value = "Passive"; VariantName = "[No Variations]"
Add component (AddParameter): Name = "Manufacturer"; Value = "Generic Components"; VariantName = "[No Variations]"
Add component (AddParameter): Name = "Published"; Value = "08/06/2000"; VariantName = "[No Variations]"
Add component (AddParameter): Name = "Publisher"; Value = "Altium Hobart Technology Centre"; VariantName = "[No Variations]"
Added Component: Designator=PUZ3(RES-SMD-0805)
Add component (AddParameter): Name = "Class"; Value = "Passive"; VariantName = "[No Variations]"
Add component (AddParameter): Name = "Manufacturer"; Value = "Generic Components"; VariantName = "[No Variations]"
Add component (AddParameter): Name = "Published"; Value = "08/06/2000"; VariantName = "[No Variations]"
Add component (AddParameter): Name = "Publisher"; Value = "Altium Hobart Technology Centre"; VariantName = "[No Variations]"
Added Pin To Net: NetName=PU Pin=PUZ1-1
Added Pin To Net: NetName=PV Pin=PUZ2-1
Added Pin To Net: NetName=PW Pin=PUZ3-1
Added Pin To Net: NetName=ZF Pin=PUZ1-2
Added Pin To Net: NetName=ZF Pin=PUZ2-2
Added Pin To Net: NetName=ZF Pin=PUZ3-2
Added Net: Name=ZF
Added Member To Class: ClassName=3Phase+Driver_STUDY Member=Component PUZ1 0805
Added Member To Class: ClassName=3Phase+Driver_STUDY Member=Component PUZ2 0805
Added Member To Class: ClassName=3Phase+Driver_STUDY Member=Component PUZ3 0805
Added Member To Class: ClassName=3Phase+Driver_STUDY Member=Component Q1 dow
Added Room: Name=3Phase+Driver_STUDY
